{'y': '0'}
{'j': '1', 'y': '0'}
{'c': '2', 'j': '1', 'y': '0'}
{'b': '3', 'c': '2', 'j': '1', 'y': '0'}
{'b': '3', 'c': '2', 'j': '1', 'y': '0', 'z': '4'}
{'b': '3', 'c': '2', 'j': '1', 'n': '5', 'y': '0', 'z': '4'}
{'a': '6', 'b': '3', 'c': '2', 'j': '1', 'n': '5', 'y': '0', 'z': '4'}
{'a': '6', 'b': '3', 'c': '2', 'j': '1', 'm': '7', 'n': '5', 'y': '0', 'z': '4'}
{'z': '4', 'y': '0', 'n': '5', 'm': '7', 'j': '1', 'c': '2', 'b': '3', 'a': '6'}
